<html>
<body>
<pre>
<h1>礦ision Build Log</h1>
<h2>Tool Versions:</h2>
IDE-Version: 礦ision V5.20.0.39
Copyright (C) 2016 ARM Ltd and ARM Germany GmbH. All rights reserved.
License Information: tom ton.ix.tom@hotmail.com, tom, LIC=X96CX-H31GG-JJN6S-L7KST-TI5FJ-4S56K
 
Tool Versions:
Toolchain:       MDK-ARM Plus  Version: 5.25.2.0
Toolchain Path:  G:\softs\kile_v5_S\ARM\ARMCC\Bin
C Compiler:      Armcc.exe V5.06 update 6 (build 750)
Assembler:       Armasm.exe V5.06 update 6 (build 750)
Linker/Locator:  ArmLink.exe V5.06 update 6 (build 750)
Library Manager: ArmAr.exe V5.06 update 6 (build 750)
Hex Converter:   FromElf.exe V5.06 update 6 (build 750)
CPU DLL:         SARMCM3.DLL V5.25.2.0
Dialog DLL:      DARMP1.DLL V1.27.0.0
Target DLL:      UL2CM3.DLL V1.160.12.0
Dialog DLL:      TARMP1.DLL V1.26.0.0
 
<h2>Project:</h2>
C:\Users\tonix\Desktop\STD-LPC1114\瑞生LPC1114开发板V3.0光盘\【Ration】基础篇例程\【例程7】模数转换(ADC)\【例程7.1】软件控制模式\【例程7.1.1】START位触发\ad5_adc.uvproj
Project File Date:  02/09/2020

<h2>Output:</h2>
*** Using Compiler 'V5.06 update 6 (build 750)', folder: 'G:\softs\kile_v5_S\ARM\ARMCC\Bin'
Rebuild target 'Target 1'
assembling startup_LPC11xx.s...
compiling system_LPC11xx.c...
compiling main.c...
User\main.c(39): warning:  #167-D: argument of type "char *" is incompatible with parameter of type "uint8_t *"
  		UART_send(str, 8);//?????????
User\main.c(27): warning:  #177-D: variable "i"  was declared but never referenced
  	uint8_t i;
User\main.c(49): warning:  #1-D: last line of file ends without a newline
                         
User\main.c: 3 warnings, 0 errors
compiling adc.c...
compiling uart.c...
linking...
Program Size: Code=2816 RO-data=232 RW-data=4 ZI-data=612  
FromELF: creating hex file...
".\Objects\RationADC.axf" - 0 Error(s), 3 Warning(s).
Build Time Elapsed:  00:00:03
</pre>
</body>
</html>
