<html>
<body>
<pre>
<h1>µVision Build Log</h1>
<h2>Tool Versions:</h2>
IDE-Version: µVision V5.20.0.39
Copyright (C) 2016 ARM Ltd and ARM Germany GmbH. All rights reserved.
License Information: tom ton.ix.tom@hotmail.com, tom, LIC=X96CX-H31GG-JJN6S-L7KST-TI5FJ-4S56K
 
Tool Versions:
Toolchain:       MDK-ARM Plus  Version: 5.25.2.0
Toolchain Path:  G:\softs\kile_v5_S\ARM\ARMCC\Bin
C Compiler:      Armcc.exe V5.06 update 6 (build 750)
Assembler:       Armasm.exe V5.06 update 6 (build 750)
Linker/Locator:  ArmLink.exe V5.06 update 6 (build 750)
Library Manager: ArmAr.exe V5.06 update 6 (build 750)
Hex Converter:   FromElf.exe V5.06 update 6 (build 750)
CPU DLL:         SARMCM3.DLL V5.25.2.0
Dialog DLL:      DARMCM1.DLL V1.19.1.0
Target DLL:      UL2CM3.DLL V1.160.12.0
Dialog DLL:      TARMCM1.DLL V1.14.0.0
 
<h2>Project:</h2>
C:\Users\tonix\Desktop\uCosII\EX28 uCosIIÒÆÖ² 1\code2\Project\ucosii.uvproj
Project File Date:  02/08/2020

<h2>Output:</h2>
*** Using Compiler 'V5.06 update 6 (build 750)', folder: 'G:\softs\kile_v5_S\ARM\ARMCC\Bin'
Rebuild target 'ucosii'
assembling startup_LPC11xx.s...
compiling system_LPC11xx.c...
compiling main.c...
compiling core_cm0.c...
compiling OS_SEM.C...
compiling OS_Q.C...
compiling OS_TASK.C...
..\uCOSII\OS_TASK.C(370): warning:  #177-D: variable "self"  was declared but never referenced
      BOOLEAN       self;
..\uCOSII\OS_TASK.C: 1 warning, 0 errors
compiling OS_TIME.C...
compiling OS_CORE.C...
compiling OS_FLAG.C...
compiling OS_MBOX.C...
compiling OS_MEM.C...
compiling OS_MUTEX.C...
compiling GPIO.C...
compiling Os_cpu_c.c...
linking...
Program Size: Code=10410 RO-data=490 RW-data=76 ZI-data=2956  
FromELF: creating hex file...
".\Obj\ucosii.axf" - 0 Error(s), 1 Warning(s).
Build Time Elapsed:  00:00:02
</pre>
</body>
</html>
