<html>
<body>
<pre>
<h1>µVision Build Log</h1>
<h2>Tool Versions:</h2>
IDE-Version: µVision V5.20.0.39
Copyright (C) 2016 ARM Ltd and ARM Germany GmbH. All rights reserved.
License Information: tom ton.ix.tom@hotmail.com, tom, LIC=X96CX-H31GG-JJN6S-L7KST-TI5FJ-4S56K
 
Tool Versions:
Toolchain:       MDK-ARM Plus  Version: 5.25.2.0
Toolchain Path:  G:\softs\kile_v5_S\ARM\ARMCC\Bin
C Compiler:      Armcc.exe V5.06 update 6 (build 750)
Assembler:       Armasm.exe V5.06 update 6 (build 750)
Linker/Locator:  ArmLink.exe V5.06 update 6 (build 750)
Library Manager: ArmAr.exe V5.06 update 6 (build 750)
Hex Converter:   FromElf.exe V5.06 update 6 (build 750)
CPU DLL:         SARMCM3.DLL V5.25.2.0
Dialog DLL:      DARMCM1.DLL V1.19.1.0
Target DLL:      UL2CM3.DLL V1.160.12.0
Dialog DLL:      TARMCM1.DLL V1.14.0.0
 
<h2>Project:</h2>
C:\Users\tonix\Desktop\pwm_lpc1114\PWM_Ct_Proj.uvproj
Project File Date:  02/10/2020

<h2>Output:</h2>
*** Using Compiler 'V5.06 update 6 (build 750)', folder: 'G:\softs\kile_v5_S\ARM\ARMCC\Bin'
Rebuild target 'Target 1'
assembling startup_LPC11xx.s...
compiling main.c...
compiling nxplpc11xx.c...
compiling ssp.c...
compiling ct.c...
linking...
Program Size: Code=1792 RO-data=224 RW-data=4 ZI-data=2148  
FromELF: creating hex file...
".\Obj\CT_Proj.axf" - 0 Error(s), 0 Warning(s).
Build Time Elapsed:  00:00:00
</pre>
</body>
</html>
