Component: ARM Compiler 5.06 update 6 (build 750) Tool: armlink [4d35ed]

==============================================================================

Section Cross References

    main.o(.text) refers to os_time.o(.text) for OSTimeDly
    main.o(.text) refers to gpio.o(.text) for GPIOSetDir
    main.o(.text) refers to system_lpc11xx.o(.text) for SystemInit
    main.o(.text) refers to os_core.o(.text) for OSInit
    main.o(.text) refers to os_task.o(.text) for OSTaskCreate
    main.o(.text) refers to main.o(.bss) for stkTask1
    startup_lpc11xx.o(RESET) refers to startup_lpc11xx.o(STACK) for __initial_sp
    startup_lpc11xx.o(RESET) refers to startup_lpc11xx.o(.text) for Reset_Handler
    startup_lpc11xx.o(RESET) refers to os_cpu_c.o(.emb_text) for PendSV_Handler
    startup_lpc11xx.o(RESET) refers to os_cpu_c.o(.text) for SysTick_Handler
    startup_lpc11xx.o(.text) refers to entry.o(.ARM.Collect$$$$00000000) for __main
    system_lpc11xx.o(.text) refers to system_lpc11xx.o(i.__ARM_common_switch8) for __ARM_common_switch8
    system_lpc11xx.o(.text) refers to uidiv.o(.text) for __aeabi_uidivmod
    system_lpc11xx.o(.text) refers to system_lpc11xx.o(.data) for SystemFrequency
    os_q.o(.text) refers to os_cpu_c.o(.text) for OS_ENTER_CRITICAL
    os_q.o(.text) refers to os_core.o(.text) for OS_EventWaitListInit
    os_q.o(.text) refers to os_core.o(.data) for OSIntNesting
    os_q.o(.text) refers to os_core.o(.bss) for OSQTbl
    os_sem.o(.text) refers to os_cpu_c.o(.text) for OS_ENTER_CRITICAL
    os_sem.o(.text) refers to os_core.o(.text) for OS_EventWaitListInit
    os_sem.o(.text) refers to os_core.o(.data) for OSIntNesting
    os_task.o(.text) refers to os_cpu_c.o(.text) for OS_ENTER_CRITICAL
    os_task.o(.text) refers to os_core.o(.text) for OS_Sched
    os_task.o(.text) refers to memseta.o(.text) for __aeabi_memclr4
    os_task.o(.text) refers to os_flag.o(.text) for OS_FlagUnlink
    os_task.o(.text) refers to os_core.o(.bss) for OSTCBPrioTbl
    os_task.o(.text) refers to os_core.o(.constdata) for OSMapTbl
    os_task.o(.text) refers to os_core.o(.data) for OSTCBCur
    os_task.o(.text) refers to memcpya.o(.text) for __aeabi_memcpy4
    os_time.o(.text) refers to os_cpu_c.o(.text) for OS_ENTER_CRITICAL
    os_time.o(.text) refers to os_core.o(.text) for OS_Sched
    os_time.o(.text) refers to uidiv.o(.text) for __aeabi_uidivmod
    os_time.o(.text) refers to os_core.o(.data) for OSTCBCur
    os_time.o(.text) refers to os_core.o(.bss) for OSTCBPrioTbl
    os_core.o(.text) refers to os_time.o(.text) for OSTimeDly
    os_core.o(.text) refers to uidiv.o(.text) for __aeabi_uidivmod
    os_core.o(.text) refers to os_cpu_c.o(.text) for OS_ENTER_CRITICAL
    os_core.o(.text) refers to os_task.o(.text) for OSTaskCreateExt
    os_core.o(.text) refers to os_flag.o(.text) for OS_FlagInit
    os_core.o(.text) refers to os_mem.o(.text) for OS_MemInit
    os_core.o(.text) refers to os_q.o(.text) for OS_QInit
    os_core.o(.text) refers to os_core.o(.data) for OSStatRdy
    os_core.o(.text) refers to os_core.o(.bss) for OSTaskStatStk
    os_core.o(.text) refers to os_core.o(.constdata) for OSUnMapTbl
    os_flag.o(.text) refers to os_cpu_c.o(.text) for OS_ENTER_CRITICAL
    os_flag.o(.text) refers to os_core.o(.text) for OS_Sched
    os_flag.o(.text) refers to os_core.o(.data) for OSIntNesting
    os_flag.o(.text) refers to os_core.o(.bss) for OSFlagTbl
    os_mbox.o(.text) refers to os_cpu_c.o(.text) for OS_ENTER_CRITICAL
    os_mbox.o(.text) refers to os_core.o(.text) for OS_EventWaitListInit
    os_mbox.o(.text) refers to os_core.o(.data) for OSIntNesting
    os_mem.o(.text) refers to os_cpu_c.o(.text) for OS_ENTER_CRITICAL
    os_mem.o(.text) refers to os_core.o(.data) for OSMemFreeList
    os_mem.o(.text) refers to os_core.o(.bss) for OSMemTbl
    os_mutex.o(.text) refers to os_cpu_c.o(.text) for OS_ENTER_CRITICAL
    os_mutex.o(.text) refers to os_core.o(.text) for OS_EventWaitListInit
    os_mutex.o(.text) refers to os_core.o(.data) for OSIntNesting
    os_mutex.o(.text) refers to os_core.o(.bss) for OSTCBPrioTbl
    os_mutex.o(.text) refers to os_core.o(.constdata) for OSMapTbl
    os_cpu_c.o(.emb_text) refers to os_cpu_c.o(.text) for OSTaskSwHook
    os_cpu_c.o(.emb_text) refers to os_core.o(.data) for OSRunning
    os_cpu_c.o(.emb_text) refers to os_cpu_c.o(.data) for __GuiOsEnterSum
    os_cpu_c.o(.emb_text) refers to os_task.o(.text) for OSTaskDel
    os_cpu_c.o(.text) refers to os_core.o(.text) for OSIntEnter
    os_cpu_c.o(.text) refers to uidiv.o(.text) for __aeabi_uidivmod
    os_cpu_c.o(.text) refers to os_cpu_c.o(.emb_text) for __OSStartHighRdy
    os_cpu_c.o(.text) refers to os_cpu_c.o(.data) for __GuiOsEnterSum
    os_cpu_c.o(.text) refers to system_lpc11xx.o(.data) for SystemFrequency
    entry.o(.ARM.Collect$$$$00000000) refers (Special) to entry10a.o(.ARM.Collect$$$$0000000D) for __rt_final_cpp
    entry.o(.ARM.Collect$$$$00000000) refers (Special) to entry11a.o(.ARM.Collect$$$$0000000F) for __rt_final_exit
    entry.o(.ARM.Collect$$$$00000000) refers (Special) to entry7b.o(.ARM.Collect$$$$00000008) for _main_clock
    entry.o(.ARM.Collect$$$$00000000) refers (Special) to entry8b.o(.ARM.Collect$$$$0000000A) for _main_cpp_init
    entry.o(.ARM.Collect$$$$00000000) refers (Special) to entry9a.o(.ARM.Collect$$$$0000000B) for _main_init
    entry.o(.ARM.Collect$$$$00000000) refers (Special) to entry5.o(.ARM.Collect$$$$00000004) for _main_scatterload
    entry.o(.ARM.Collect$$$$00000000) refers (Special) to entry2.o(.ARM.Collect$$$$00000001) for _main_stk
    entry2.o(.ARM.Collect$$$$00000001) refers to entry2.o(.ARM.Collect$$$$00002712) for __lit__00000000
    entry2.o(.ARM.Collect$$$$00002712) refers to startup_lpc11xx.o(STACK) for __initial_sp
    entry2.o(__vectab_stack_and_reset_area) refers to startup_lpc11xx.o(STACK) for __initial_sp
    entry2.o(__vectab_stack_and_reset_area) refers to entry.o(.ARM.Collect$$$$00000000) for __main
    entry5.o(.ARM.Collect$$$$00000004) refers to init.o(.text) for __scatterload
    entry9a.o(.ARM.Collect$$$$0000000B) refers to main.o(.text) for main
    entry9b.o(.ARM.Collect$$$$0000000C) refers to main.o(.text) for main
    init.o(.text) refers to entry5.o(.ARM.Collect$$$$00000004) for __main_after_scatterload


==============================================================================

Removing Unused input sections from the image.

    Removing startup_lpc11xx.o(HEAP), (512 bytes).
    Removing os_sem.o(.text), (612 bytes).
    Removing os_mbox.o(.text), (744 bytes).
    Removing os_mutex.o(.text), (1336 bytes).
    Removing gpio.o(.data), (32 bytes).

5 unused section(s) (total 3236 bytes) removed from the image.

==============================================================================

Image Symbol Table

    Local Symbols

    Symbol Name                              Value     Ov Type        Size  Object(Section)

    RESET                                    0x00000000   Section      192  startup_lpc11xx.o(RESET)
    ../clib/microlib/division.c              0x00000000   Number         0  uidiv.o ABSOLUTE
    ../clib/microlib/init/entry.s            0x00000000   Number         0  entry8a.o ABSOLUTE
    ../clib/microlib/init/entry.s            0x00000000   Number         0  entry10b.o ABSOLUTE
    ../clib/microlib/init/entry.s            0x00000000   Number         0  entry9b.o ABSOLUTE
    ../clib/microlib/init/entry.s            0x00000000   Number         0  entry9a.o ABSOLUTE
    ../clib/microlib/init/entry.s            0x00000000   Number         0  entry10a.o ABSOLUTE
    ../clib/microlib/init/entry.s            0x00000000   Number         0  entry8b.o ABSOLUTE
    ../clib/microlib/init/entry.s            0x00000000   Number         0  entry.o ABSOLUTE
    ../clib/microlib/init/entry.s            0x00000000   Number         0  entry7b.o ABSOLUTE
    ../clib/microlib/init/entry.s            0x00000000   Number         0  entry7a.o ABSOLUTE
    ../clib/microlib/init/entry.s            0x00000000   Number         0  entry5.o ABSOLUTE
    ../clib/microlib/init/entry.s            0x00000000   Number         0  entry2.o ABSOLUTE
    ../clib/microlib/init/entry.s            0x00000000   Number         0  entry11a.o ABSOLUTE
    ../clib/microlib/init/entry.s            0x00000000   Number         0  entry11b.o ABSOLUTE
    ../clib/microlib/string/memcpy.c         0x00000000   Number         0  memcpya.o ABSOLUTE
    ../clib/microlib/string/memcpy.c         0x00000000   Number         0  memcpyb.o ABSOLUTE
    ../clib/microlib/string/memset.c         0x00000000   Number         0  memseta.o ABSOLUTE
    ..\CM0\core_cm0.c                        0x00000000   Number         0  core_cm0.o ABSOLUTE
    ..\GPIO\GPIO.C                           0x00000000   Number         0  gpio.o ABSOLUTE
    ..\LPC11xx\startup\startup_LPC11xx.s     0x00000000   Number         0  startup_lpc11xx.o ABSOLUTE
    ..\LPC11xx\system_LPC11xx.c              0x00000000   Number         0  system_lpc11xx.o ABSOLUTE
    ..\Main\main.c                           0x00000000   Number         0  main.o ABSOLUTE
    ..\\uCOSII\\cpu\\Os_cpu_c.c              0x00000000   Number         0  os_cpu_c.o ABSOLUTE
    ..\uCOSII\OS_CORE.C                      0x00000000   Number         0  os_core.o ABSOLUTE
    ..\uCOSII\OS_FLAG.C                      0x00000000   Number         0  os_flag.o ABSOLUTE
    ..\uCOSII\OS_MBOX.C                      0x00000000   Number         0  os_mbox.o ABSOLUTE
    ..\uCOSII\OS_MEM.C                       0x00000000   Number         0  os_mem.o ABSOLUTE
    ..\uCOSII\OS_MUTEX.C                     0x00000000   Number         0  os_mutex.o ABSOLUTE
    ..\uCOSII\OS_Q.C                         0x00000000   Number         0  os_q.o ABSOLUTE
    ..\uCOSII\OS_SEM.C                       0x00000000   Number         0  os_sem.o ABSOLUTE
    ..\uCOSII\OS_TASK.C                      0x00000000   Number         0  os_task.o ABSOLUTE
    ..\uCOSII\OS_TIME.C                      0x00000000   Number         0  os_time.o ABSOLUTE
    ..\uCOSII\cpu\Os_cpu_c.c                 0x00000000   Number         0  os_cpu_c.o ABSOLUTE
    dc.s                                     0x00000000   Number         0  dc.o ABSOLUTE
    handlers.s                               0x00000000   Number         0  handlers.o ABSOLUTE
    init.s                                   0x00000000   Number         0  init.o ABSOLUTE
    .ARM.Collect$$$$00000000                 0x000000c0   Section        0  entry.o(.ARM.Collect$$$$00000000)
    .ARM.Collect$$$$00000001                 0x000000c0   Section        4  entry2.o(.ARM.Collect$$$$00000001)
    .ARM.Collect$$$$00000004                 0x000000c4   Section        4  entry5.o(.ARM.Collect$$$$00000004)
    .ARM.Collect$$$$00000008                 0x000000c8   Section        0  entry7b.o(.ARM.Collect$$$$00000008)
    .ARM.Collect$$$$0000000A                 0x000000c8   Section        0  entry8b.o(.ARM.Collect$$$$0000000A)
    .ARM.Collect$$$$0000000B                 0x000000c8   Section        8  entry9a.o(.ARM.Collect$$$$0000000B)
    .ARM.Collect$$$$0000000D                 0x000000d0   Section        0  entry10a.o(.ARM.Collect$$$$0000000D)
    .ARM.Collect$$$$0000000F                 0x000000d0   Section        0  entry11a.o(.ARM.Collect$$$$0000000F)
    .ARM.Collect$$$$00002712                 0x000000d0   Section        4  entry2.o(.ARM.Collect$$$$00002712)
    __lit__00000000                          0x000000d0   Data           4  entry2.o(.ARM.Collect$$$$00002712)
    .emb_text                                0x000000d4   Section      204  os_cpu_c.o(.emb_text)
    .text                                    0x000001a0   Section        0  main.o(.text)
    .text                                    0x000002b0   Section       28  startup_lpc11xx.o(.text)
    .text                                    0x000002cc   Section        0  system_lpc11xx.o(.text)
    .text                                    0x0000055c   Section        0  os_q.o(.text)
    .text                                    0x00000a28   Section        0  os_task.o(.text)
    .text                                    0x00001048   Section        0  os_time.o(.text)
    .text                                    0x000011e4   Section        0  os_core.o(.text)
    OS_InitTaskStat                          0x00001263   Thumb Code    38  os_core.o(.text)
    OS_InitTaskIdle                          0x000012a5   Thumb Code    42  os_core.o(.text)
    OS_InitEventList                         0x000012cf   Thumb Code    44  os_core.o(.text)
    OS_InitTCBList                           0x000012fb   Thumb Code    64  os_core.o(.text)
    OS_InitRdyList                           0x0000133b   Thumb Code    46  os_core.o(.text)
    OS_InitMisc                              0x00001369   Thumb Code    44  os_core.o(.text)
    .text                                    0x000018ec   Section        0  os_flag.o(.text)
    OS_FlagTaskRdy                           0x00001a65   Thumb Code    86  os_flag.o(.text)
    OS_FlagBlock                             0x00001b6d   Thumb Code   124  os_flag.o(.text)
    .text                                    0x00001f5c   Section        0  os_mem.o(.text)
    .text                                    0x000020fc   Section        0  os_cpu_c.o(.text)
    NVIC_SetPriority                         0x000020fd   Thumb Code   110  os_cpu_c.o(.text)
    NVIC_EnableIRQ                           0x0000227f   Thumb Code    14  os_cpu_c.o(.text)
    .text                                    0x000022a4   Section        0  gpio.o(.text)
    NVIC_EnableIRQ                           0x00002877   Thumb Code    14  gpio.o(.text)
    .text                                    0x00002898   Section        0  uidiv.o(.text)
    .text                                    0x000028c4   Section        0  memcpya.o(.text)
    .text                                    0x000028e8   Section        0  memseta.o(.text)
    .text                                    0x0000290c   Section       36  init.o(.text)
    i.__ARM_common_switch8                   0x00002930   Section        0  system_lpc11xx.o(i.__ARM_common_switch8)
    i.__scatterload_copy                     0x0000294c   Section       14  handlers.o(i.__scatterload_copy)
    i.__scatterload_null                     0x0000295a   Section        2  handlers.o(i.__scatterload_null)
    i.__scatterload_zeroinit                 0x0000295c   Section       14  handlers.o(i.__scatterload_zeroinit)
    .constdata                               0x0000296a   Section      264  os_core.o(.constdata)
    .data                                    0x10000000   Section        4  system_lpc11xx.o(.data)
    .data                                    0x10000004   Section       68  os_core.o(.data)
    .data                                    0x10000048   Section        4  os_cpu_c.o(.data)
    .bss                                     0x1000004c   Section      800  main.o(.bss)
    stkTask1                                 0x1000004c   Data         400  main.o(.bss)
    stkTask2                                 0x100001dc   Data         400  main.o(.bss)
    .bss                                     0x1000036c   Section     1640  os_core.o(.bss)
    STACK                                    0x100009d8   Section      512  startup_lpc11xx.o(STACK)

    Global Symbols

    Symbol Name                              Value     Ov Type        Size  Object(Section)

    BuildAttributes$$THM_ISAv3M$S$PE$A:L22$X:L11$S22$IEEE1$IW$USESV6$~STKCKD$USESV7$~SHL$OSPACE$EBA8$MICROLIB$REQ8$PRES8$EABIv2 0x00000000   Number         0  anon$$obj.o ABSOLUTE
    __ARM_use_no_argv                        0x00000000   Number         0  main.o ABSOLUTE
    __Vectors                                0x00000000   Data           4  startup_lpc11xx.o(RESET)
    __cpp_initialize__aeabi_                  - Undefined Weak Reference
    __cxa_finalize                            - Undefined Weak Reference
    __decompress                              - Undefined Weak Reference
    _clock_init                               - Undefined Weak Reference
    _microlib_exit                            - Undefined Weak Reference
    __main                                   0x000000c1   Thumb Code     0  entry.o(.ARM.Collect$$$$00000000)
    _main_stk                                0x000000c1   Thumb Code     0  entry2.o(.ARM.Collect$$$$00000001)
    _main_scatterload                        0x000000c5   Thumb Code     0  entry5.o(.ARM.Collect$$$$00000004)
    __main_after_scatterload                 0x000000c9   Thumb Code     0  entry5.o(.ARM.Collect$$$$00000004)
    _main_clock                              0x000000c9   Thumb Code     0  entry7b.o(.ARM.Collect$$$$00000008)
    _main_cpp_init                           0x000000c9   Thumb Code     0  entry8b.o(.ARM.Collect$$$$0000000A)
    _main_init                               0x000000c9   Thumb Code     0  entry9a.o(.ARM.Collect$$$$0000000B)
    __rt_final_cpp                           0x000000d1   Thumb Code     0  entry10a.o(.ARM.Collect$$$$0000000D)
    __rt_final_exit                          0x000000d1   Thumb Code     0  entry11a.o(.ARM.Collect$$$$0000000F)
    __OSStartHighRdy                         0x000000d5   Thumb Code    64  os_cpu_c.o(.emb_text)
    PendSV_Handler                           0x00000125   Thumb Code    80  os_cpu_c.o(.emb_text)
    changeToSYSMode                          0x00000189   Thumb Code     8  os_cpu_c.o(.emb_text)
    changeToUSRMode                          0x00000191   Thumb Code     8  os_cpu_c.o(.emb_text)
    taskEntry                                0x00000199   Thumb Code     8  os_cpu_c.o(.emb_text)
    Task1                                    0x000001a1   Thumb Code   104  main.o(.text)
    Task2                                    0x00000209   Thumb Code    96  main.o(.text)
    main                                     0x00000269   Thumb Code    46  main.o(.text)
    Reset_Handler                            0x000002b1   Thumb Code     4  startup_lpc11xx.o(.text)
    NMI_Handler                              0x000002b5   Thumb Code     2  startup_lpc11xx.o(.text)
    HardFault_Handler                        0x000002b7   Thumb Code     2  startup_lpc11xx.o(.text)
    MemManage_Handler                        0x000002b9   Thumb Code     2  startup_lpc11xx.o(.text)
    BusFault_Handler                         0x000002bb   Thumb Code     2  startup_lpc11xx.o(.text)
    UsageFault_Handler                       0x000002bd   Thumb Code     2  startup_lpc11xx.o(.text)
    SVC_Handler                              0x000002bf   Thumb Code     2  startup_lpc11xx.o(.text)
    DebugMon_Handler                         0x000002c1   Thumb Code     2  startup_lpc11xx.o(.text)
    ADC_IRQHandler                           0x000002c7   Thumb Code     0  startup_lpc11xx.o(.text)
    BOD_IRQHandler                           0x000002c7   Thumb Code     0  startup_lpc11xx.o(.text)
    CAN_IRQHandler                           0x000002c7   Thumb Code     0  startup_lpc11xx.o(.text)
    FMC_IRQHandler                           0x000002c7   Thumb Code     0  startup_lpc11xx.o(.text)
    I2C_IRQHandler                           0x000002c7   Thumb Code     0  startup_lpc11xx.o(.text)
    PIOINT0_IRQHandler                       0x000002c7   Thumb Code     0  startup_lpc11xx.o(.text)
    PIOINT1_IRQHandler                       0x000002c7   Thumb Code     0  startup_lpc11xx.o(.text)
    PIOINT2_IRQHandler                       0x000002c7   Thumb Code     0  startup_lpc11xx.o(.text)
    PIOINT3_IRQHandler                       0x000002c7   Thumb Code     0  startup_lpc11xx.o(.text)
    SSP0_IRQHandler                          0x000002c7   Thumb Code     0  startup_lpc11xx.o(.text)
    SSP1_IRQHandler                          0x000002c7   Thumb Code     0  startup_lpc11xx.o(.text)
    TIMER16_0_IRQHandler                     0x000002c7   Thumb Code     0  startup_lpc11xx.o(.text)
    TIMER16_1_IRQHandler                     0x000002c7   Thumb Code     0  startup_lpc11xx.o(.text)
    TIMER32_0_IRQHandler                     0x000002c7   Thumb Code     0  startup_lpc11xx.o(.text)
    TIMER32_1_IRQHandler                     0x000002c7   Thumb Code     0  startup_lpc11xx.o(.text)
    UART_IRQHandler                          0x000002c7   Thumb Code     0  startup_lpc11xx.o(.text)
    USB_FIQHandler                           0x000002c7   Thumb Code     0  startup_lpc11xx.o(.text)
    USB_IRQHandler                           0x000002c7   Thumb Code     0  startup_lpc11xx.o(.text)
    WAKEUP_IRQHandler                        0x000002c7   Thumb Code     0  startup_lpc11xx.o(.text)
    WDT_IRQHandler                           0x000002c7   Thumb Code     0  startup_lpc11xx.o(.text)
    SystemFrequencyUpdate                    0x000002cd   Thumb Code   408  system_lpc11xx.o(.text)
    SystemInit                               0x00000465   Thumb Code   164  system_lpc11xx.o(.text)
    OSQAccept                                0x0000055d   Thumb Code    70  os_q.o(.text)
    OSQCreate                                0x000005a3   Thumb Code   130  os_q.o(.text)
    OSQDel                                   0x00000625   Thumb Code   202  os_q.o(.text)
    OSQFlush                                 0x000006ef   Thumb Code    48  os_q.o(.text)
    OSQPend                                  0x0000071f   Thumb Code   210  os_q.o(.text)
    OSQPost                                  0x000007f1   Thumb Code   116  os_q.o(.text)
    OSQPostFront                             0x00000865   Thumb Code   118  os_q.o(.text)
    OSQPostOpt                               0x000008db   Thumb Code   194  os_q.o(.text)
    OSQQuery                                 0x0000099d   Thumb Code    92  os_q.o(.text)
    OS_QInit                                 0x000009f9   Thumb Code    38  os_q.o(.text)
    OSTaskChangePrio                         0x00000a29   Thumb Code   340  os_task.o(.text)
    OSTaskCreate                             0x00000b7d   Thumb Code   146  os_task.o(.text)
    OSTaskCreateExt                          0x00000c0f   Thumb Code   170  os_task.o(.text)
    OSTaskDel                                0x00000cb9   Thumb Code   304  os_task.o(.text)
    OSTaskDelReq                             0x00000de9   Thumb Code   126  os_task.o(.text)
    OSTaskResume                             0x00000e67   Thumb Code   128  os_task.o(.text)
    OSTaskStkChk                             0x00000ee7   Thumb Code   120  os_task.o(.text)
    OSTaskSuspend                            0x00000f5f   Thumb Code   148  os_task.o(.text)
    OSTaskQuery                              0x00000ff3   Thumb Code    70  os_task.o(.text)
    OSTimeDly                                0x00001049   Thumb Code    84  os_time.o(.text)
    OSTimeDlyHMSM                            0x0000109d   Thumb Code   148  os_time.o(.text)
    OSTimeDlyResume                          0x00001131   Thumb Code   118  os_time.o(.text)
    OSTimeGet                                0x000011a7   Thumb Code    18  os_time.o(.text)
    OSTimeSet                                0x000011b9   Thumb Code    18  os_time.o(.text)
    OS_TaskStat                              0x000011e5   Thumb Code   126  os_core.o(.text)
    OS_TaskIdle                              0x00001289   Thumb Code    28  os_core.o(.text)
    OSInit                                   0x00001395   Thumb Code    48  os_core.o(.text)
    OSIntEnter                               0x000013c5   Thumb Code    28  os_core.o(.text)
    OSIntExit                                0x000013e1   Thumb Code   130  os_core.o(.text)
    OSSchedLock                              0x00001463   Thumb Code    38  os_core.o(.text)
    OS_Sched                                 0x00001489   Thumb Code    92  os_core.o(.text)
    OSSchedUnlock                            0x000014e5   Thumb Code    70  os_core.o(.text)
    OSStart                                  0x0000152b   Thumb Code    70  os_core.o(.text)
    OSStatInit                               0x00001571   Thumb Code    52  os_core.o(.text)
    OSTimeTick                               0x000015a5   Thumb Code   256  os_core.o(.text)
    OSVersion                                0x000016a5   Thumb Code     4  os_core.o(.text)
    OS_Dummy                                 0x000016a9   Thumb Code     2  os_core.o(.text)
    OS_EventTaskRdy                          0x000016ab   Thumb Code   124  os_core.o(.text)
    OS_EventTaskWait                         0x00001727   Thumb Code   116  os_core.o(.text)
    OS_EventTO                               0x0000179b   Thumb Code    76  os_core.o(.text)
    OS_EventWaitListInit                     0x000017e7   Thumb Code    14  os_core.o(.text)
    OS_TCBInit                               0x000017f5   Thumb Code   216  os_core.o(.text)
    OSFlagAccept                             0x000018ed   Thumb Code   260  os_flag.o(.text)
    OSFlagCreate                             0x000019f1   Thumb Code    74  os_flag.o(.text)
    OS_FlagUnlink                            0x00001a3b   Thumb Code    42  os_flag.o(.text)
    OSFlagDel                                0x00001abb   Thumb Code   178  os_flag.o(.text)
    OSFlagPend                               0x00001be9   Thumb Code   512  os_flag.o(.text)
    OSFlagPost                               0x00001de9   Thumb Code   272  os_flag.o(.text)
    OSFlagQuery                              0x00001ef9   Thumb Code    50  os_flag.o(.text)
    OS_FlagInit                              0x00001f2b   Thumb Code    42  os_flag.o(.text)
    OSMemCreate                              0x00001f5d   Thumb Code   162  os_mem.o(.text)
    OSMemGet                                 0x00001fff   Thumb Code    64  os_mem.o(.text)
    OSMemPut                                 0x0000203f   Thumb Code    62  os_mem.o(.text)
    OSMemQuery                               0x0000207d   Thumb Code    62  os_mem.o(.text)
    OS_MemInit                               0x000020bb   Thumb Code    58  os_mem.o(.text)
    OS_ENTER_CRITICAL                        0x0000216b   Thumb Code    14  os_cpu_c.o(.text)
    OS_EXIT_CRITICAL                         0x00002179   Thumb Code    30  os_cpu_c.o(.text)
    SysTick_Handler                          0x00002197   Thumb Code    16  os_cpu_c.o(.text)
    OSStartHighRdy                           0x000021a7   Thumb Code    62  os_cpu_c.o(.text)
    OSIntCtxSw                               0x000021e5   Thumb Code    12  os_cpu_c.o(.text)
    OSTaskStkInit                            0x000021f1   Thumb Code   118  os_cpu_c.o(.text)
    OSInitHookBegin                          0x00002267   Thumb Code     2  os_cpu_c.o(.text)
    OSInitHookEnd                            0x00002269   Thumb Code     2  os_cpu_c.o(.text)
    OSTaskCreateHook                         0x0000226b   Thumb Code     4  os_cpu_c.o(.text)
    OSTaskDelHook                            0x0000226f   Thumb Code     4  os_cpu_c.o(.text)
    OSTaskSwHook                             0x00002273   Thumb Code     2  os_cpu_c.o(.text)
    OSTaskStatHook                           0x00002275   Thumb Code     2  os_cpu_c.o(.text)
    OSTCBInitHook                            0x00002277   Thumb Code     4  os_cpu_c.o(.text)
    OSTimeTickHook                           0x0000227b   Thumb Code     2  os_cpu_c.o(.text)
    OSTaskIdleHook                           0x0000227d   Thumb Code     2  os_cpu_c.o(.text)
    GPIOInit                                 0x000022a5   Thumb Code    40  gpio.o(.text)
    GPIOSetDir                               0x000022cd   Thumb Code   300  gpio.o(.text)
    GPIOSetValue                             0x000023f9   Thumb Code   300  gpio.o(.text)
    GPIOSetInterrupt                         0x00002525   Thumb Code   484  gpio.o(.text)
    GPIOIntEnable                            0x00002709   Thumb Code    88  gpio.o(.text)
    GPIOIntDisable                           0x00002761   Thumb Code    88  gpio.o(.text)
    GPIOIntStatus                            0x000027b9   Thumb Code   102  gpio.o(.text)
    GPIOIntClear                             0x0000281f   Thumb Code    88  gpio.o(.text)
    __aeabi_uidiv                            0x00002899   Thumb Code     0  uidiv.o(.text)
    __aeabi_uidivmod                         0x00002899   Thumb Code    44  uidiv.o(.text)
    __aeabi_memcpy                           0x000028c5   Thumb Code    36  memcpya.o(.text)
    __aeabi_memcpy4                          0x000028c5   Thumb Code     0  memcpya.o(.text)
    __aeabi_memcpy8                          0x000028c5   Thumb Code     0  memcpya.o(.text)
    __aeabi_memset                           0x000028e9   Thumb Code    14  memseta.o(.text)
    __aeabi_memset4                          0x000028e9   Thumb Code     0  memseta.o(.text)
    __aeabi_memset8                          0x000028e9   Thumb Code     0  memseta.o(.text)
    __aeabi_memclr                           0x000028f7   Thumb Code     4  memseta.o(.text)
    __aeabi_memclr4                          0x000028f7   Thumb Code     0  memseta.o(.text)
    __aeabi_memclr8                          0x000028f7   Thumb Code     0  memseta.o(.text)
    _memset$wrapper                          0x000028fb   Thumb Code    18  memseta.o(.text)
    __scatterload                            0x0000290d   Thumb Code    28  init.o(.text)
    __scatterload_rt2                        0x0000290d   Thumb Code     0  init.o(.text)
    __ARM_common_switch8                     0x00002931   Thumb Code    28  system_lpc11xx.o(i.__ARM_common_switch8)
    __scatterload_copy                       0x0000294d   Thumb Code    14  handlers.o(i.__scatterload_copy)
    __scatterload_null                       0x0000295b   Thumb Code     2  handlers.o(i.__scatterload_null)
    __scatterload_zeroinit                   0x0000295d   Thumb Code    14  handlers.o(i.__scatterload_zeroinit)
    OSMapTbl                                 0x0000296a   Data           8  os_core.o(.constdata)
    OSUnMapTbl                               0x00002972   Data         256  os_core.o(.constdata)
    Region$$Table$$Base                      0x00002a74   Number         0  anon$$obj.o(Region$$Table)
    Region$$Table$$Limit                     0x00002a94   Number         0  anon$$obj.o(Region$$Table)
    SystemFrequency                          0x10000000   Data           4  system_lpc11xx.o(.data)
    OSCtxSwCtr                               0x10000004   Data           4  os_core.o(.data)
    OSEventFreeList                          0x10000008   Data           4  os_core.o(.data)
    OSFlagFreeList                           0x1000000c   Data           4  os_core.o(.data)
    OSCPUUsage                               0x10000010   Data           1  os_core.o(.data)
    OSIdleCtrMax                             0x10000014   Data           4  os_core.o(.data)
    OSIdleCtrRun                             0x10000018   Data           4  os_core.o(.data)
    OSStatRdy                                0x1000001c   Data           1  os_core.o(.data)
    OSIntNesting                             0x1000001d   Data           1  os_core.o(.data)
    OSIntExitY                               0x1000001e   Data           1  os_core.o(.data)
    OSLockNesting                            0x1000001f   Data           1  os_core.o(.data)
    OSPrioCur                                0x10000020   Data           1  os_core.o(.data)
    OSPrioHighRdy                            0x10000021   Data           1  os_core.o(.data)
    OSRdyGrp                                 0x10000022   Data           1  os_core.o(.data)
    OSRdyTbl                                 0x10000023   Data           1  os_core.o(.data)
    OSRunning                                0x10000024   Data           1  os_core.o(.data)
    OSTaskCtr                                0x10000025   Data           1  os_core.o(.data)
    OSIdleCtr                                0x10000028   Data           4  os_core.o(.data)
    OSTCBCur                                 0x1000002c   Data           4  os_core.o(.data)
    OSTCBFreeList                            0x10000030   Data           4  os_core.o(.data)
    OSTCBHighRdy                             0x10000034   Data           4  os_core.o(.data)
    OSTCBList                                0x10000038   Data           4  os_core.o(.data)
    OSMemFreeList                            0x1000003c   Data           4  os_core.o(.data)
    OSQFreeList                              0x10000040   Data           4  os_core.o(.data)
    OSTime                                   0x10000044   Data           4  os_core.o(.data)
    __GuiOsEnterSum                          0x10000048   Data           4  os_cpu_c.o(.data)
    OSEventTbl                               0x1000036c   Data         240  os_core.o(.bss)
    OSFlagTbl                                0x1000045c   Data          48  os_core.o(.bss)
    OSTaskStatStk                            0x1000048c   Data         512  os_core.o(.bss)
    OSTaskIdleStk                            0x1000068c   Data         256  os_core.o(.bss)
    OSTCBPrioTbl                             0x1000078c   Data          32  os_core.o(.bss)
    OSTCBTbl                                 0x100007ac   Data         416  os_core.o(.bss)
    OSMemTbl                                 0x1000094c   Data          40  os_core.o(.bss)
    OSQTbl                                   0x10000974   Data          96  os_core.o(.bss)
    __initial_sp                             0x10000bd8   Data           0  startup_lpc11xx.o(STACK)



==============================================================================

Memory Map of the image

  Image Entry point : 0x000000c1

  Load Region LR_IROM1 (Base: 0x00000000, Size: 0x00002ae0, Max: 0x00008000, ABSOLUTE)

    Execution Region ER_IROM1 (Base: 0x00000000, Size: 0x00002a94, Max: 0x00008000, ABSOLUTE)

    Base Addr    Size         Type   Attr      Idx    E Section Name        Object

    0x00000000   0x000000c0   Data   RO           46    RESET               startup_lpc11xx.o
    0x000000c0   0x00000000   Code   RO          272  * .ARM.Collect$$$$00000000  mc_p.l(entry.o)
    0x000000c0   0x00000004   Code   RO          283    .ARM.Collect$$$$00000001  mc_p.l(entry2.o)
    0x000000c4   0x00000004   Code   RO          286    .ARM.Collect$$$$00000004  mc_p.l(entry5.o)
    0x000000c8   0x00000000   Code   RO          288    .ARM.Collect$$$$00000008  mc_p.l(entry7b.o)
    0x000000c8   0x00000000   Code   RO          290    .ARM.Collect$$$$0000000A  mc_p.l(entry8b.o)
    0x000000c8   0x00000008   Code   RO          291    .ARM.Collect$$$$0000000B  mc_p.l(entry9a.o)
    0x000000d0   0x00000000   Code   RO          293    .ARM.Collect$$$$0000000D  mc_p.l(entry10a.o)
    0x000000d0   0x00000000   Code   RO          295    .ARM.Collect$$$$0000000F  mc_p.l(entry11a.o)
    0x000000d0   0x00000004   Code   RO          284    .ARM.Collect$$$$00002712  mc_p.l(entry2.o)
    0x000000d4   0x000000cc   Code   RO          215    .emb_text           os_cpu_c.o
    0x000001a0   0x00000110   Code   RO            1    .text               main.o
    0x000002b0   0x0000001c   Code   RO           47    .text               startup_lpc11xx.o
    0x000002cc   0x00000290   Code   RO           52    .text               system_lpc11xx.o
    0x0000055c   0x000004cc   Code   RO           79    .text               os_q.o
    0x00000a28   0x00000620   Code   RO          120    .text               os_task.o
    0x00001048   0x0000019c   Code   RO          132    .text               os_time.o
    0x000011e4   0x00000708   Code   RO          144    .text               os_core.o
    0x000018ec   0x00000670   Code   RO          164    .text               os_flag.o
    0x00001f5c   0x000001a0   Code   RO          191    .text               os_mem.o
    0x000020fc   0x000001a8   Code   RO          216    .text               os_cpu_c.o
    0x000022a4   0x000005f4   Code   RO          247    .text               gpio.o
    0x00002898   0x0000002c   Code   RO          275    .text               mc_p.l(uidiv.o)
    0x000028c4   0x00000024   Code   RO          277    .text               mc_p.l(memcpya.o)
    0x000028e8   0x00000024   Code   RO          279    .text               mc_p.l(memseta.o)
    0x0000290c   0x00000024   Code   RO          297    .text               mc_p.l(init.o)
    0x00002930   0x0000001c   Code   RO           64    i.__ARM_common_switch8  system_lpc11xx.o
    0x0000294c   0x0000000e   Code   RO          301    i.__scatterload_copy  mc_p.l(handlers.o)
    0x0000295a   0x00000002   Code   RO          302    i.__scatterload_null  mc_p.l(handlers.o)
    0x0000295c   0x0000000e   Code   RO          303    i.__scatterload_zeroinit  mc_p.l(handlers.o)
    0x0000296a   0x00000108   Data   RO          146    .constdata          os_core.o
    0x00002a72   0x00000002   PAD
    0x00002a74   0x00000020   Data   RO          299    Region$$Table       anon$$obj.o


    Execution Region RW_IRAM1 (Base: 0x10000000, Size: 0x00000bd8, Max: 0x00002000, ABSOLUTE)

    Base Addr    Size         Type   Attr      Idx    E Section Name        Object

    0x10000000   0x00000004   Data   RW           53    .data               system_lpc11xx.o
    0x10000004   0x00000044   Data   RW          147    .data               os_core.o
    0x10000048   0x00000004   Data   RW          217    .data               os_cpu_c.o
    0x1000004c   0x00000320   Zero   RW            2    .bss                main.o
    0x1000036c   0x00000668   Zero   RW          145    .bss                os_core.o
    0x100009d4   0x00000004   PAD
    0x100009d8   0x00000200   Zero   RW           44    STACK               startup_lpc11xx.o


==============================================================================

Image component sizes


      Code (inc. data)   RO Data    RW Data    ZI Data      Debug   Object Name

      1524         58          0          0          0       5568   gpio.o
       272         26          0          0        800      14033   main.o
      1800        156        264         68       1640      11513   os_core.o
       628         60          0          4          0      14135   os_cpu_c.o
      1648         30          0          0          0       5682   os_flag.o
       416          8          0          0          0       2442   os_mem.o
      1228         26          0          0          0      12221   os_q.o
      1568         60          0          0          0       5295   os_task.o
       412         26          0          0          0       1774   os_time.o
        28          4        192          0        512        836   startup_lpc11xx.o
       684        102          0          4          0       1293   system_lpc11xx.o

    ----------------------------------------------------------------------
     10208        556        490         76       2956      74792   Object Totals
         0          0         32          0          0          0   (incl. Generated)
         0          0          2          0          4          0   (incl. Padding)

    ----------------------------------------------------------------------

      Code (inc. data)   RO Data    RW Data    ZI Data      Debug   Library Member Name

         0          0          0          0          0          0   entry.o
         0          0          0          0          0          0   entry10a.o
         0          0          0          0          0          0   entry11a.o
         8          4          0          0          0          0   entry2.o
         4          0          0          0          0          0   entry5.o
         0          0          0          0          0          0   entry7b.o
         0          0          0          0          0          0   entry8b.o
         8          4          0          0          0          0   entry9a.o
        30          0          0          0          0          0   handlers.o
        36          8          0          0          0         68   init.o
        36          0          0          0          0         60   memcpya.o
        36          0          0          0          0        100   memseta.o
        44          0          0          0          0         72   uidiv.o

    ----------------------------------------------------------------------
       202         16          0          0          0        300   Library Totals
         0          0          0          0          0          0   (incl. Padding)

    ----------------------------------------------------------------------

      Code (inc. data)   RO Data    RW Data    ZI Data      Debug   Library Name

       202         16          0          0          0        300   mc_p.l

    ----------------------------------------------------------------------
       202         16          0          0          0        300   Library Totals

    ----------------------------------------------------------------------

==============================================================================


      Code (inc. data)   RO Data    RW Data    ZI Data      Debug   

     10410        572        490         76       2956      74532   Grand Totals
     10410        572        490         76       2956      74532   ELF Image Totals
     10410        572        490         76          0          0   ROM Totals

==============================================================================

    Total RO  Size (Code + RO Data)                10900 (  10.64kB)
    Total RW  Size (RW Data + ZI Data)              3032 (   2.96kB)
    Total ROM Size (Code + RO Data + RW Data)      10976 (  10.72kB)

==============================================================================

