<html>
<body>
<pre>
<h1>µVision Build Log</h1>
<h2>Tool Versions:</h2>
IDE-Version: µVision V5.16a
Copyright (C) 2015 ARM Ltd and ARM Germany GmbH. All rights reserved.
License Information: ton ton, ton, LIC=GE774-FE3GJ-161QV-PUYR9-JQC6K-3Y0BJ
 
Tool Versions:
Toolchain:       MDK-ARM Professional  Version: 5.16a
Toolchain Path:  d:\Keil_v5\ARM\ARMCC\Bin
C Compiler:      Armcc.exe V5.06 (build 20)
Assembler:       Armasm.exe V5.06 (build 20)
Linker/Locator:  ArmLink.exe V5.06 (build 20)
Library Manager: ArmAr.exe V5.06 (build 20)
Hex Converter:   FromElf.exe V5.06 (build 20)
CPU DLL:         SARMCM3.DLL V5.16a
Dialog DLL:      DARMP1.DLL V1.25.0.0
Target DLL:      UL2CM3.DLL V1.155.12.0
Dialog DLL:      TARMP1.DLL V1.24.0.0
 
<h2>Project:</h2>
D:\Desktop\LPC1114-learning-routine\I2c_lpc1114\simulate_I2c_lpc11114\simulate_I2c_at24c02.uvproj
Project File Date:  09/25/2020

<h2>Output:</h2>
*** Using Compiler 'V5.06 update 6 (build 750)', folder: 'd:\Keil_v5\ARM\ARMCC\Bin'
Rebuild target 'Target 1'
assembling startup_LPC11xx.s...
compiling main.c...
compiling system_LPC11xx.c...
compiling at24c16.c...
compiling uart.c...
compiling i2c.c...
linking...
Program Size: Code=2748 RO-data=224 RW-data=8 ZI-data=608  
FromELF: creating hex file...
".\Obj\simulate_I2c_AT24C02.axf" - 0 Error(s), 0 Warning(s).
Build Time Elapsed:  00:00:02
</pre>
</body>
</html>
